
Welcome to React Native v0.87
Starting dev server on http://localhost:8081

[34m
                        ▒▒▓▓▓▓▒▒
                     ▒▓▓▓▒▒░░▒▒▓▓▓▒
                  ▒▓▓▓▓░░░▒▒▒▒░░░▓▓▓▓▒
                 ▓▓▒▒▒▓▓▓▓▓▓▓▓▓▓▓▓▒▒▒▓▓
                 ▓▓░░░░░▒▓▓▓▓▓▓▒░░░░░▓▓
                 ▓▓░░▓▓▒░░░▒▒░░░▒▓▒░░▓▓
                 ▓▓░░▓▓▓▓▓▒▒▒▒▓▓▓▓▒░░▓▓
                 ▓▓░░▓▓▓▓▓▓▓▓▓▓▓▓▓▒░░▓▓
                 ▓▓▒░░▒▒▓▓▓▓▓▓▓▓▒░░░▒▓▓
                  ▒▓▓▓▒░░░▒▓▓▒░░░▒▓▓▓▒
                     ▒▓▓▓▒░░░░▒▓▓▓▒
                        ▒▒▓▓▓▓▒▒

[39m
[34m[1m                Welcome to Metro [37mv0.87.1[39m
[22m[39m[2m              Fast - Scalable - Integrated

[22m
[36m[7m[1m INFO [22m[27m[39m Dev server ready. Press Ctrl+C to exit.
[36m[7m[1m INFO [22m[27m[39m Key commands available:

  [1m[7m r [27m[22m - reload app(s)
  [1m[7m d [27m[22m - open Dev Menu
  [1m[7m j [27m[22m - open DevTools

[33m[7m[1m BUNDLE [22m[27m[39m[0m[2m ./[22m[0m[1mindex.js[22m [32m[42m[49m[39m[47m[37m░░░░░░░░░░░░░░░░[39m[49m[1m 0% [22m[2m(0/1)[22m
[33m[7m[1m BUNDLE [22m[27m[39m[0m[2m ./[22m[0m[1mindex.js[22m [32m[42m[49m[39m[47m[37m░░░░░░░░░░░░░░░░[39m[49m[1m 1% [22m[2m(1/1)[22m
[33m[7m[1m BUNDLE [22m[27m[39m[0m[2m ./[22m[0m[1mindex.js[22m [32m[42m[49m[39m[47m[37m░░░░░░░░░░░░░░░░[39m[49m[1m 1% [22m[2m(1/5)[22m
[33m[7m[1m BUNDLE [22m[27m[39m[0m[2m ./[22m[0m[1mindex.js[22m [32m[42m[49m[39m[47m[37m░░░░░░░░░░░░░░░░[39m[49m[1m 4% [22m[2m(2/5)[22m
[33m[7m[1m BUNDLE [22m[27m[39m[0m[2m ./[22m[0m[1mindex.js[22m [32m[42m[49m[39m[47m[37m░░░░░░░░░░░░░░░░[39m[49m[1m 4% [22m[2m(5/109)[22m
[33m[7m[1m BUNDLE [22m[27m[39m[0m[2m ./[22m[0m[1mindex.js[22m [32m[42m[49m[39m[47m[37m░░░░░░░░░░░░░░░░[39m[49m[1m 4% [22m[2m(6/109)[22m
[33m[7m[1m BUNDLE [22m[27m[39m[0m[2m ./[22m[0m[1mindex.js[22m [32m[42m▓▓[49m[39m[47m[37m░░░░░░░░░░░░░░[39m[49m[1m 16% [22m[2m(109/265)[22m
[33m[7m[1m BUNDLE [22m[27m[39m[0m[2m ./[22m[0m[1mindex.js[22m [32m[42m▓▓[49m[39m[47m[37m░░░░░░░░░░░░░░[39m[49m[1m 16% [22m[2m(109/265)[22m
[33m[7m[1m BUNDLE [22m[27m[39m[0m[2m ./[22m[0m[1mindex.js[22m [32m[42m[49m[39m[47m[37m░░░░░░░░░░░░░░░░[39m[49m[1m 0% [22m[2m(0/1)[22m
[33m[7m[1m BUNDLE [22m[27m[39m[0m[2m ./[22m[0m[1mindex.js[22m [32m[42m▓▓[49m[39m[47m[37m░░░░░░░░░░░░░░[39m[49m[1m 17% [22m[2m(110/265)[22m
[33m[7m[1m BUNDLE [22m[27m[39m[0m[2m ./[22m[0m[1mindex.js[22m [32m[42m[49m[39m[47m[37m░░░░░░░░░░░░░░░░[39m[49m[1m 0% [22m[2m(0/1)[22m
[33m[7m[1m BUNDLE [22m[27m[39m[0m[2m ./[22m[0m[1mindex.js[22m [32m[42m▓▓▓▓[49m[39m[47m[37m░░░░░░░░░░░░[39m[49m[1m 30% [22m[2m(265/483)[22m
[33m[7m[1m BUNDLE [22m[27m[39m[0m[2m ./[22m[0m[1mindex.js[22m [32m[42m[49m[39m[47m[37m░░░░░░░░░░░░░░░░[39m[49m[1m 0% [22m[2m(0/1)[22m
[33m[7m[1m BUNDLE [22m[27m[39m[0m[2m ./[22m[0m[1mindex.js[22m [32m[42m▓▓▓▓[49m[39m[47m[37m░░░░░░░░░░░░[39m[49m[1m 30% [22m[2m(266/483)[22m
[33m[7m[1m BUNDLE [22m[27m[39m[0m[2m ./[22m[0m[1mindex.js[22m [32m[42m[49m[39m[47m[37m░░░░░░░░░░░░░░░░[39m[49m[1m 0% [22m[2m(0/1)[22m
[33m[7m[1m WARN [22m[27m[39m Attempted to import the module "C:\xamppold\htdocs\NexoU\node_modules\react-native\src\private\featureflags\ReactNativeFeatureFlags" which is not listed in the "exports" of "C:\xamppold\htdocs\NexoU\node_modules\react-native" under the requested subpath "./src/private/featureflags/ReactNativeFeatureFlags". Falling back to file-based resolution. Consider updating the call site or asking the package maintainer(s) to expose this API.
[33m[7m[1m BUNDLE [22m[27m[39m[0m[2m ./[22m[0m[1mindex.js[22m [32m[42m▓▓▓▓▓▓▓▓▓[49m[39m[47m[37m░░░░░░░[39m[49m[1m 58% [22m[2m(483/629)[22m
[33m[7m[1m BUNDLE [22m[27m[39m[0m[2m ./[22m[0m[1mindex.js[22m [32m[42m[49m[39m[47m[37m░░░░░░░░░░░░░░░░[39m[49m[1m 0% [22m[2m(0/1)[22m
[33m[7m[1m BUNDLE [22m[27m[39m[0m[2m ./[22m[0m[1mindex.js[22m [32m[42m▓▓▓▓▓▓▓▓▓[49m[39m[47m[37m░░░░░░░[39m[49m[1m 59% [22m[2m(484/629)[22m
[33m[7m[1m BUNDLE [22m[27m[39m[0m[2m ./[22m[0m[1mindex.js[22m [32m[42m[49m[39m[47m[37m░░░░░░░░░░░░░░░░[39m[49m[1m 0% [22m[2m(0/1)[22m
[33m[7m[1m BUNDLE [22m[27m[39m[0m[2m ./[22m[0m[1mindex.js[22m [32m[42m▓▓▓▓▓▓▓▓▓▓▓[49m[39m[47m[37m░░░░░[39m[49m[1m 73% [22m[2m(628/736)[22m
[33m[7m[1m BUNDLE [22m[27m[39m[0m[2m ./[22m[0m[1mindex.js[22m [32m[42m[49m[39m[47m[37m░░░░░░░░░░░░░░░░[39m[49m[1m 0% [22m[2m(0/1)[22m
[33m[7m[1m BUNDLE [22m[27m[39m[0m[2m ./[22m[0m[1mindex.js[22m [32m[42m▓▓▓▓▓▓▓▓▓▓▓[49m[39m[47m[37m░░░░░[39m[49m[1m 73% [22m[2m(629/736)[22m
[33m[7m[1m BUNDLE [22m[27m[39m[0m[2m ./[22m[0m[1mindex.js[22m [32m[42m[49m[39m[47m[37m░░░░░░░░░░░░░░░░[39m[49m[1m 0% [22m[2m(0/1)[22m
[33m[7m[1m BUNDLE [22m[27m[39m[0m[2m ./[22m[0m[1mindex.js[22m [32m[42m▓▓▓▓▓▓▓▓▓▓▓[49m[39m[47m[37m░░░░░[39m[49m[1m 73% [22m[2m(630/736)[22m
[33m[7m[1m BUNDLE [22m[27m[39m[0m[2m ./[22m[0m[1mindex.js[22m [32m[42m[49m[39m[47m[37m░░░░░░░░░░░░░░░░[39m[49m[1m 0% [22m[2m(0/1)[22m
[33m[7m[1m BUNDLE [22m[27m[39m[0m[2m ./[22m[0m[1mindex.js[22m [32m[42m▓▓▓▓▓▓▓▓▓▓▓▓▓[49m[39m[47m[37m░░░[39m[49m[1m 85% [22m[2m(735/797)[22m
[33m[7m[1m BUNDLE [22m[27m[39m[0m[2m ./[22m[0m[1mindex.js[22m [32m[42m[49m[39m[47m[37m░░░░░░░░░░░░░░░░[39m[49m[1m 0% [22m[2m(0/1)[22m
[33m[7m[1m BUNDLE [22m[27m[39m[0m[2m ./[22m[0m[1mindex.js[22m [32m[42m▓▓▓▓▓▓▓▓▓▓▓▓▓[49m[39m[47m[37m░░░[39m[49m[1m 85% [22m[2m(736/800)[22m
[33m[7m[1m BUNDLE [22m[27m[39m[0m[2m ./[22m[0m[1mindex.js[22m [32m[42m[49m[39m[47m[37m░░░░░░░░░░░░░░░░[39m[49m[1m 0% [22m[2m(0/1)[22m
[33m[7m[1m BUNDLE [22m[27m[39m[0m[2m ./[22m[0m[1mindex.js[22m [32m[42m▓▓▓▓▓▓▓▓▓▓▓▓▓[49m[39m[47m[37m░░░[39m[49m[1m 85% [22m[2m(737/800)[22m
[33m[7m[1m BUNDLE [22m[27m[39m[0m[2m ./[22m[0m[1mindex.js[22m [32m[42m[49m[39m[47m[37m░░░░░░░░░░░░░░░░[39m[49m[1m 0% [22m[2m(0/1)[22m
[33m[7m[1m BUNDLE [22m[27m[39m[0m[2m ./[22m[0m[1mindex.js[22m [32m[42m▓▓▓▓▓▓▓▓▓▓▓▓▓▓▓[49m[39m[47m[37m░[39m[49m[1m 94% [22m[2m(800/824)[22m
[33m[7m[1m BUNDLE [22m[27m[39m[0m[2m ./[22m[0m[1mindex.js[22m [32m[42m[49m[39m[47m[37m░░░░░░░░░░░░░░░░[39m[49m[1m 0% [22m[2m(0/1)[22m
[33m[7m[1m BUNDLE [22m[27m[39m[0m[2m ./[22m[0m[1mindex.js[22m [32m[42m▓▓▓▓▓▓▓▓▓▓▓▓▓▓▓[49m[39m[47m[37m░[39m[49m[1m 94% [22m[2m(801/824)[22m
[33m[7m[1m BUNDLE [22m[27m[39m[0m[2m ./[22m[0m[1mindex.js[22m [32m[42m[49m[39m[47m[37m░░░░░░░░░░░░░░░░[39m[49m[1m 0% [22m[2m(0/1)[22m
[33m[7m[1m BUNDLE [22m[27m[39m[0m[2m ./[22m[0m[1mindex.js[22m [32m[42m▓▓▓▓▓▓▓▓▓▓▓▓▓▓▓[49m[39m[47m[37m░[39m[49m[1m 98% [22m[2m(824/832)[22m
[33m[7m[1m BUNDLE [22m[27m[39m[0m[2m ./[22m[0m[1mindex.js[22m [32m[42m[49m[39m[47m[37m░░░░░░░░░░░░░░░░[39m[49m[1m 0% [22m[2m(0/1)[22m
[33m[7m[1m BUNDLE [22m[27m[39m[0m[2m ./[22m[0m[1mindex.js[22m [32m[42m[49m[39m[47m[37m░░░░░░░░░░░░░░░░[39m[49m[1m 0% [22m[2m(0/1)[22m
[33m[7m[1m BUNDLE [22m[27m[39m[0m[2m ./[22m[0m[1mindex.js[22m [32m[42m▓▓▓▓▓▓▓▓▓▓▓▓▓▓▓[49m[39m[47m[37m░[39m[49m[1m 98% [22m[2m(825/832)[22m
[33m[7m[1m BUNDLE [22m[27m[39m[0m[2m ./[22m[0m[1mindex.js[22m [32m[42m[49m[39m[47m[37m░░░░░░░░░░░░░░░░[39m[49m[1m 0% [22m[2m(0/1)[22m
[33m[7m[1m BUNDLE [22m[27m[39m[0m[2m ./[22m[0m[1mindex.js[22m [32m[42m[49m[39m[47m[37m░░░░░░░░░░░░░░░░[39m[49m[1m 0% [22m[2m(0/1)[22m
[33m[7m[1m BUNDLE [22m[27m[39m[0m[2m ./[22m[0m[1mindex.js[22m [32m[42m▓▓▓▓▓▓▓▓▓▓▓▓▓▓▓[49m[39m[47m[37m░[39m[49m[1m 99% [22m[2m(832/851)[22m
[33m[7m[1m BUNDLE [22m[27m[39m[0m[2m ./[22m[0m[1mindex.js[22m [32m[42m[49m[39m[47m[37m░░░░░░░░░░░░░░░░[39m[49m[1m 0% [22m[2m(0/1)[22m
[33m[7m[1m BUNDLE [22m[27m[39m[0m[2m ./[22m[0m[1mindex.js[22m [32m[42m[49m[39m[47m[37m░░░░░░░░░░░░░░░░[39m[49m[1m 0% [22m[2m(0/1)[22m
[33m[7m[1m BUNDLE [22m[27m[39m[0m[2m ./[22m[0m[1mindex.js[22m [32m[42m▓▓▓▓▓▓▓▓▓▓▓▓▓▓▓[49m[39m[47m[37m░[39m[49m[1m 99% [22m[2m(834/851)[22m
[33m[7m[1m BUNDLE [22m[27m[39m[0m[2m ./[22m[0m[1mindex.js[22m [32m[42m[49m[39m[47m[37m░░░░░░░░░░░░░░░░[39m[49m[1m 0% [22m[2m(0/1)[22m
[33m[7m[1m BUNDLE [22m[27m[39m[0m[2m ./[22m[0m[1mindex.js[22m [32m[42m[49m[39m[47m[37m░░░░░░░░░░░░░░░░[39m[49m[1m 0% [22m[2m(0/1)[22m
[33m[7m[1m BUNDLE [22m[27m[39m[0m[2m ./[22m[0m[1mindex.js[22m [32m[42m▓▓▓▓▓▓▓▓▓▓▓▓▓▓▓[49m[39m[47m[37m░[39m[49m[1m 99% [22m[2m(851/885)[22m
[33m[7m[1m BUNDLE [22m[27m[39m[0m[2m ./[22m[0m[1mindex.js[22m [32m[42m[49m[39m[47m[37m░░░░░░░░░░░░░░░░[39m[49m[1m 0% [22m[2m(0/1)[22m
[33m[7m[1m BUNDLE [22m[27m[39m[0m[2m ./[22m[0m[1mindex.js[22m [32m[42m[49m[39m[47m[37m░░░░░░░░░░░░░░░░[39m[49m[1m 0% [22m[2m(0/1)[22m
[33m[7m[1m BUNDLE [22m[27m[39m[0m[2m ./[22m[0m[1mindex.js[22m [32m[42m▓▓▓▓▓▓▓▓▓▓▓▓▓▓▓[49m[39m[47m[37m░[39m[49m[1m 99% [22m[2m(852/885)[22m
[33m[7m[1m BUNDLE [22m[27m[39m[0m[2m ./[22m[0m[1mindex.js[22m [32m[42m[49m[39m[47m[37m░░░░░░░░░░░░░░░░[39m[49m[1m 0% [22m[2m(0/1)[22m
[33m[7m[1m BUNDLE [22m[27m[39m[0m[2m ./[22m[0m[1mindex.js[22m [32m[42m[49m[39m[47m[37m░░░░░░░░░░░░░░░░[39m[49m[1m 0% [22m[2m(0/1)[22m
[33m[7m[1m BUNDLE [22m[27m[39m[0m[2m ./[22m[0m[1mindex.js[22m [32m[42m▓▓▓▓▓▓▓▓▓▓▓▓▓▓▓[49m[39m[47m[37m░[39m[49m[1m 99% [22m[2m(885/913)[22m
[33m[7m[1m BUNDLE [22m[27m[39m[0m[2m ./[22m[0m[1mindex.js[22m [32m[42m[49m[39m[47m[37m░░░░░░░░░░░░░░░░[39m[49m[1m 0% [22m[2m(0/1)[22m
[33m[7m[1m BUNDLE [22m[27m[39m[0m[2m ./[22m[0m[1mindex.js[22m [32m[42m[49m[39m[47m[37m░░░░░░░░░░░░░░░░[39m[49m[1m 0% [22m[2m(0/1)[22m
[33m[7m[1m BUNDLE [22m[27m[39m[0m[2m ./[22m[0m[1mindex.js[22m [32m[42m▓▓▓▓▓▓▓▓▓▓▓▓▓▓▓[49m[39m[47m[37m░[39m[49m[1m 99% [22m[2m(913/937)[22m
[33m[7m[1m BUNDLE [22m[27m[39m[0m[2m ./[22m[0m[1mindex.js[22m [32m[42m[49m[39m[47m[37m░░░░░░░░░░░░░░░░[39m[49m[1m 0% [22m[2m(0/1)[22m
[33m[7m[1m BUNDLE [22m[27m[39m[0m[2m ./[22m[0m[1mindex.js[22m [32m[42m[49m[39m[47m[37m░░░░░░░░░░░░░░░░[39m[49m[1m 0% [22m[2m(0/1)[22m
[33m[7m[1m BUNDLE [22m[27m[39m[0m[2m ./[22m[0m[1mindex.js[22m [32m[42m▓▓▓▓▓▓▓▓▓▓▓▓▓▓▓[49m[39m[47m[37m░[39m[49m[1m 99% [22m[2m(914/937)[22m
[33m[7m[1m BUNDLE [22m[27m[39m[0m[2m ./[22m[0m[1mindex.js[22m [32m[42m[49m[39m[47m[37m░░░░░░░░░░░░░░░░[39m[49m[1m 0% [22m[2m(0/1)[22m
[33m[7m[1m BUNDLE [22m[27m[39m[0m[2m ./[22m[0m[1mindex.js[22m [32m[42m[49m[39m[47m[37m░░░░░░░░░░░░░░░░[39m[49m[1m 0% [22m[2m(0/1)[22m
[33m[7m[1m BUNDLE [22m[27m[39m[0m[2m ./[22m[0m[1mindex.js[22m [32m[42m▓▓▓▓▓▓▓▓▓▓▓▓▓▓▓[49m[39m[47m[37m░[39m[49m[1m 99% [22m[2m(937/940)[22m
[33m[7m[1m BUNDLE [22m[27m[39m[0m[2m ./[22m[0m[1mindex.js[22m [32m[42m[49m[39m[47m[37m░░░░░░░░░░░░░░░░[39m[49m[1m 0% [22m[2m(0/1)[22m
[33m[7m[1m BUNDLE [22m[27m[39m[0m[2m ./[22m[0m[1mindex.js[22m [32m[42m[49m[39m[47m[37m░░░░░░░░░░░░░░░░[39m[49m[1m 0% [22m[2m(0/1)[22m
[33m[7m[1m BUNDLE [22m[27m[39m[0m[2m ./[22m[0m[1mindex.js[22m [32m[42m▓▓▓▓▓▓▓▓▓▓▓▓▓▓▓[49m[39m[47m[37m░[39m[49m[1m 99% [22m[2m(938/940)[22m
[33m[7m[1m BUNDLE [22m[27m[39m[0m[2m ./[22m[0m[1mindex.js[22m [32m[42m[49m[39m[47m[37m░░░░░░░░░░░░░░░░[39m[49m[1m 0% [22m[2m(0/1)[22m
[33m[7m[1m BUNDLE [22m[27m[39m[0m[2m ./[22m[0m[1mindex.js[22m [32m[42m[49m[39m[47m[37m░░░░░░░░░░░░░░░░[39m[49m[1m 0% [22m[2m(0/1)[22m
[33m[7m[1m BUNDLE [22m[27m[39m[0m[2m ./[22m[0m[1mindex.js[22m [32m[42m▓▓▓▓▓▓▓▓▓▓▓▓▓▓▓[49m[39m[47m[37m░[39m[49m[1m 99% [22m[2m(940/943)[22m
[33m[7m[1m BUNDLE [22m[27m[39m[0m[2m ./[22m[0m[1mindex.js[22m [32m[42m[49m[39m[47m[37m░░░░░░░░░░░░░░░░[39m[49m[1m 0% [22m[2m(0/1)[22m
[33m[7m[1m BUNDLE [22m[27m[39m[0m[2m ./[22m[0m[1mindex.js[22m [32m[42m[49m[39m[47m[37m░░░░░░░░░░░░░░░░[39m[49m[1m 0% [22m[2m(0/1)[22m
[33m[7m[1m BUNDLE [22m[27m[39m[0m[2m ./[22m[0m[1mindex.js[22m [32m[42m▓▓▓▓▓▓▓▓▓▓▓▓▓▓▓[49m[39m[47m[37m░[39m[49m[1m 99% [22m[2m(941/943)[22m
[33m[7m[1m BUNDLE [22m[27m[39m[0m[2m ./[22m[0m[1mindex.js[22m [32m[42m[49m[39m[47m[37m░░░░░░░░░░░░░░░░[39m[49m[1m 0% [22m[2m(0/1)[22m
[33m[7m[1m BUNDLE [22m[27m[39m[0m[2m ./[22m[0m[1mindex.js[22m [32m[42m[49m[39m[47m[37m░░░░░░░░░░░░░░░░[39m[49m[1m 0% [22m[2m(0/1)[22m
[33m[7m[1m BUNDLE [22m[27m[39m[0m[2m ./[22m[0m[1mindex.js[22m [32m[42m▓▓▓▓▓▓▓▓▓▓▓▓▓▓▓[49m[39m[47m[37m░[39m[49m[1m 99% [22m[2m(943/943)[22m
[33m[7m[1m BUNDLE [22m[27m[39m[0m[2m ./[22m[0m[1mindex.js[22m [32m[42m[49m[39m[47m[37m░░░░░░░░░░░░░░░░[39m[49m[1m 0% [22m[2m(0/1)[22m
[33m[7m[1m BUNDLE [22m[27m[39m[0m[2m ./[22m[0m[1mindex.js[22m [32m[42m[49m[39m[47m[37m░░░░░░░░░░░░░░░░[39m[49m[1m 0% [22m[2m(0/1)[22m
[33m[7m[1m BUNDLE [22m[27m[39m[0m[2m ./[22m[0m[1mindex.js[22m [32m[42m[49m[39m[47m[37m░░░░░░░░░░░░░░░░[39m[49m[1m 0% [22m[2m(0/1)[22m
[32m[7m[1m BUNDLE [22m[27m[39m[0m[2m ./[22m[0m[1mindex.js[22m 
[33m[7m[1m BUNDLE [22m[27m[39m[0m[2m ./[22m[0m[1mindex.js[22m [32m[42m[49m[39m[47m[37m░░░░░░░░░░░░░░░░[39m[49m[1m 0% [22m[2m(0/1)[22m
[33m[7m[1m BUNDLE [22m[27m[39m[0m[2m ./[22m[0m[1mindex.js[22m [32m[42m[49m[39m[47m[37m░░░░░░░░░░░░░░░░[39m[49m[1m 0% [22m[2m(0/1)[22m
[33m[7m[1m BUNDLE [22m[27m[39m[0m[2m ./[22m[0m[1mindex.js[22m [32m[42m[49m[39m[47m[37m░░░░░░░░░░░░░░░░[39m[49m[1m 0% [22m[2m(0/1)[22m
[33m[7m[1m WARN [22m[27m[39m Attempted to import the module "C:\xamppold\htdocs\NexoU\node_modules\react-native\src\private\featureflags\ReactNativeFeatureFlags" which is not listed in the "exports" of "C:\xamppold\htdocs\NexoU\node_modules\react-native" under the requested subpath "./src/private/featureflags/ReactNativeFeatureFlags". Falling back to file-based resolution. Consider updating the call site or asking the package maintainer(s) to expose this API.
[32m[7m[1m BUNDLE [22m[27m[39m[0m[2m ./[22m[0m[1mindex.js[22m 
[32m[7m[1m BUNDLE [22m[27m[39m[0m[2m ./[22m[0m[1mindex.js[22m 
[33m[7m[1m BUNDLE [22m[27m[39m[0m[2m ./[22m[0m[1mindex.js[22m [32m[42m[49m[39m[47m[37m░░░░░░░░░░░░░░░░[39m[49m[1m 0% [22m[2m(0/1)[22m
[33m[7m[1m BUNDLE [22m[27m[39m[0m[2m ./[22m[0m[1mindex.js[22m [32m[42m[49m[39m[47m[37m░░░░░░░░░░░░░░░░[39m[49m[1m 1% [22m[2m(1/5)[22m
[33m[7m[1m BUNDLE [22m[27m[39m[0m[2m ./[22m[0m[1mindex.js[22m [32m[42m[49m[39m[47m[37m░░░░░░░░░░░░░░░░[39m[49m[1m 4% [22m[2m(2/5)[22m
[33m[7m[1m BUNDLE [22m[27m[39m[0m[2m ./[22m[0m[1mindex.js[22m [32m[42m[49m[39m[47m[37m░░░░░░░░░░░░░░░░[39m[49m[1m 4% [22m[2m(5/109)[22m
[33m[7m[1m BUNDLE [22m[27m[39m[0m[2m ./[22m[0m[1mindex.js[22m [32m[42m[49m[39m[47m[37m░░░░░░░░░░░░░░░░[39m[49m[1m 4% [22m[2m(6/109)[22m
[33m[7m[1m BUNDLE [22m[27m[39m[0m[2m ./[22m[0m[1mindex.js[22m [32m[42m▓▓[49m[39m[47m[37m░░░░░░░░░░░░░░[39m[49m[1m 16% [22m[2m(109/265)[22m
[33m[7m[1m BUNDLE [22m[27m[39m[0m[2m ./[22m[0m[1mindex.js[22m [32m[42m▓▓▓▓[49m[39m[47m[37m░░░░░░░░░░░░[39m[49m[1m 30% [22m[2m(265/483)[22m
[33m[7m[1m BUNDLE [22m[27m[39m[0m[2m ./[22m[0m[1mindex.js[22m [32m[42m▓▓▓▓[49m[39m[47m[37m░░░░░░░░░░░░[39m[49m[1m 30% [22m[2m(266/483)[22m
[33m[7m[1m BUNDLE [22m[27m[39m[0m[2m ./[22m[0m[1mindex.js[22m [32m[42m▓▓▓▓▓▓▓▓▓[49m[39m[47m[37m░░░░░░░[39m[49m[1m 58% [22m[2m(483/629)[22m
[33m[7m[1m BUNDLE [22m[27m[39m[0m[2m ./[22m[0m[1mindex.js[22m [32m[42m▓▓▓▓▓▓▓▓▓[49m[39m[47m[37m░░░░░░░[39m[49m[1m 59% [22m[2m(484/629)[22m
[33m[7m[1m BUNDLE [22m[27m[39m[0m[2m ./[22m[0m[1mindex.js[22m [32m[42m▓▓▓▓▓▓▓▓▓▓▓[49m[39m[47m[37m░░░░░[39m[49m[1m 73% [22m[2m(629/736)[22m
[33m[7m[1m BUNDLE [22m[27m[39m[0m[2m ./[22m[0m[1mindex.js[22m [32m[42m▓▓▓▓▓▓▓▓▓▓▓▓▓[49m[39m[47m[37m░░░[39m[49m[1m 85% [22m[2m(736/800)[22m
[33m[7m[1m BUNDLE [22m[27m[39m[0m[2m ./[22m[0m[1mindex.js[22m [32m[42m▓▓▓▓▓▓▓▓▓▓▓▓▓▓▓[49m[39m[47m[37m░[39m[49m[1m 94% [22m[2m(800/824)[22m
[33m[7m[1m BUNDLE [22m[27m[39m[0m[2m ./[22m[0m[1mindex.js[22m [32m[42m▓▓▓▓▓▓▓▓▓▓▓▓▓▓▓[49m[39m[47m[37m░[39m[49m[1m 98% [22m[2m(824/832)[22m
[33m[7m[1m BUNDLE [22m[27m[39m[0m[2m ./[22m[0m[1mindex.js[22m [32m[42m▓▓▓▓▓▓▓▓▓▓▓▓▓▓▓[49m[39m[47m[37m░[39m[49m[1m 99% [22m[2m(831/834)[22m
[33m[7m[1m BUNDLE [22m[27m[39m[0m[2m ./[22m[0m[1mindex.js[22m [32m[42m▓▓▓▓▓▓▓▓▓▓▓▓▓▓▓[49m[39m[47m[37m░[39m[49m[1m 99% [22m[2m(832/851)[22m
[33m[7m[1m BUNDLE [22m[27m[39m[0m[2m ./[22m[0m[1mindex.js[22m [32m[42m▓▓▓▓▓▓▓▓▓▓▓▓▓▓▓[49m[39m[47m[37m░[39m[49m[1m 99% [22m[2m(833/851)[22m
[33m[7m[1m BUNDLE [22m[27m[39m[0m[2m ./[22m[0m[1mindex.js[22m [32m[42m▓▓▓▓▓▓▓▓▓▓▓▓▓▓▓[49m[39m[47m[37m░[39m[49m[1m 99% [22m[2m(851/885)[22m
[33m[7m[1m BUNDLE [22m[27m[39m[0m[2m ./[22m[0m[1mindex.js[22m [32m[42m▓▓▓▓▓▓▓▓▓▓▓▓▓▓▓[49m[39m[47m[37m░[39m[49m[1m 99% [22m[2m(852/885)[22m
[33m[7m[1m BUNDLE [22m[27m[39m[0m[2m ./[22m[0m[1mindex.js[22m [32m[42m▓▓▓▓▓▓▓▓▓▓▓▓▓▓▓[49m[39m[47m[37m░[39m[49m[1m 99% [22m[2m(885/913)[22m
[33m[7m[1m BUNDLE [22m[27m[39m[0m[2m ./[22m[0m[1mindex.js[22m [32m[42m▓▓▓▓▓▓▓▓▓▓▓▓▓▓▓[49m[39m[47m[37m░[39m[49m[1m 99% [22m[2m(913/937)[22m
[33m[7m[1m BUNDLE [22m[27m[39m[0m[2m ./[22m[0m[1mindex.js[22m [32m[42m▓▓▓▓▓▓▓▓▓▓▓▓▓▓▓[49m[39m[47m[37m░[39m[49m[1m 99% [22m[2m(937/940)[22m
[33m[7m[1m BUNDLE [22m[27m[39m[0m[2m ./[22m[0m[1mindex.js[22m [32m[42m▓▓▓▓▓▓▓▓▓▓▓▓▓▓▓[49m[39m[47m[37m░[39m[49m[1m 99% [22m[2m(940/943)[22m
[33m[7m[1m BUNDLE [22m[27m[39m[0m[2m ./[22m[0m[1mindex.js[22m [32m[42m▓▓▓▓▓▓▓▓▓▓▓▓▓▓▓[49m[39m[47m[37m░[39m[49m[1m 99% [22m[2m(943/943)[22m
[32m[7m[1m BUNDLE [22m[27m[39m[0m[2m ./[22m[0m[1mindex.js[22m 
[33m[7m[1m BUNDLE [22m[27m[39m[0m[2m ./[22m[0m[1mindex.js[22m [32m[42m[49m[39m[47m[37m░░░░░░░░░░░░░░░░[39m[49m[1m 0% [22m[2m(0/1)[22m
[32m[7m[1m BUNDLE [22m[27m[39m[0m[2m ./[22m[0m[1mindex.js[22m 
